// Jest Snapshot v1, https://goo.gl/fbAQLP

exports[`../../components/Header should render correct 1`] = `Object {}`;
