// Jest Snapshot v1, https://goo.gl/fbAQLP

exports[`../../components/WelcomeScreen should work 1`] = `ShallowWrapper {}`;
